
[1m[46m RUN [49m[22m [36mv4.0.18 [39m[90m/Users/oliver/_HD_LOCAL/dev/2watcharr[39m

[90mstderr[2m | src/lib/services/media.service.batch.test.ts[2m > [22m[2mMediaService Batch Addition[2m > [22m[2mshould handle extraction errors gracefully
[22m[39mError adding video https://www.youtube.com/watch?v=missing: Error: Video not found
    at MetadataService.<anonymous> [90m(/Users/oliver/_HD_LOCAL/dev/2watcharr/[39msrc/lib/services/media.service.batch.test.ts:57:19[90m)[39m
    at MetadataService.extractMetadata [90m(file:///Users/oliver/_HD_LOCAL/dev/2watcharr/[39mnode_modules/[4m@vitest[24m/spy/dist/index.js:285:34[90m)[39m
    at MediaService.addEpisodeFromUrl [90m(/Users/oliver/_HD_LOCAL/dev/2watcharr/[39msrc/lib/services/media.service.ts:37:53[90m)[39m
    at [90m/Users/oliver/_HD_LOCAL/dev/2watcharr/[39msrc/lib/services/media.service.ts:468:32
    at Array.map (<anonymous>)
    at MediaService.addVideosBatch [90m(/Users/oliver/_HD_LOCAL/dev/2watcharr/[39msrc/lib/services/media.service.ts:432:20[90m)[39m
    at [90m/Users/oliver/_HD_LOCAL/dev/2watcharr/[39msrc/lib/services/media.service.batch.test.ts:127:39
    at [90mfile:///Users/oliver/_HD_LOCAL/dev/2watcharr/[39mnode_modules/[4m@vitest[24m/runner/dist/index.js:145:11
    at [90mfile:///Users/oliver/_HD_LOCAL/dev/2watcharr/[39mnode_modules/[4m@vitest[24m/runner/dist/index.js:915:26
    at [90mfile:///Users/oliver/_HD_LOCAL/dev/2watcharr/[39mnode_modules/[4m@vitest[24m/runner/dist/index.js:1243:20

 [32m✓[39m src/lib/services/media.service.batch.test.ts [2m([22m[2m4 tests[22m[2m)[22m[32m 17[2mms[22m[39m

[2m Test Files [22m [1m[32m1 passed[39m[22m[90m (1)[39m
[2m      Tests [22m [1m[32m4 passed[39m[22m[90m (4)[39m
[2m   Start at [22m 15:24:43
[2m   Duration [22m 303ms[2m (transform 133ms, setup 0ms, import 191ms, tests 17ms, environment 0ms)[22m

